(node:1964) ExperimentalWarning: Type Stripping is an experimental feature and might change at any time
(Use `node --trace-warnings ...` to show where the warning was created)
{
  "status": "blocked",
  "problems": [
    "INVALID_EXPECTED_COMMIT",
    "REPORT_COMMIT_MISMATCH",
    "FND-01:MISSING",
    "FND-02:MISSING",
    "FND-03:MISSING",
    "FND-04:MISSING",
    "UI-01:MISSING",
    "UI-02:MISSING",
    "UI-03:MISSING",
    "RPC-01:MISSING",
    "RPC-02:MISSING",
    "RPC-03:MISSING",
    "RPC-04:MISSING",
    "RPC-05:MISSING",
    "PKG-01:MISSING",
    "PKG-02:MISSING",
    "PKG-03:MISSING",
    "PKG-04:MISSING",
    "PKG-05:MISSING",
    "RUN-01:MISSING",
    "RUN-02:MISSING",
    "RUN-03:MISSING",
    "RUN-04:MISSING",
    "RUN-05:MISSING",
    "APP-01:MISSING",
    "APP-02:MISSING",
    "APP-03:MISSING",
    "APP-04:MISSING",
    "APP-05:MISSING",
    "AI-01:MISSING",
    "AI-02:MISSING",
    "AI-03:MISSING",
    "AI-04:MISSING",
    "AI-05:MISSING",
    "AI-06:MISSING",
    "AI-07:MISSING",
    "AI-08:MISSING",
    "AI-09:MISSING",
    "AI-10:MISSING",
    "AGT-01:MISSING",
    "AGT-02:MISSING",
    "AGT-03:MISSING",
    "UPD-01:MISSING",
    "UPD-02:MISSING",
    "UPD-03:MISSING",
    "UPD-04:MISSING",
    "UPD-05:MISSING",
    "FWK-01:MISSING",
    "DEV-01:MISSING",
    "DEV-02:MISSING",
    "DEV-03:MISSING",
    "DEV-04:MISSING",
    "DEV-05:MISSING",
    "REL-01:MISSING",
    "REL-02:MISSING",
    "REL-03:MISSING"
  ]
}
